// Jest Snapshot v1, https://goo.gl/fbAQLP

exports[`readme buildReadmeContent should return readme template content 1`] = `
"<h1 align=\\"center\\">Welcome to readme-md-generator 👋</h1>
<p>
  <img src=\\"https://img.shields.io/badge/version-0.1.3-blue.svg?cacheSeconds=2592000\\" />
  <img src=\\"https://img.shields.io/badge/npm-%3E%3D5.5.0-blue.svg\\" />
  <img src=\\"https://img.shields.io/badge/node-%3E%3D%209.3.0-blue.svg\\" />
  <a href=\\"https://github.com/kefranabg/readme-md-generator#readme\\">
    <img alt=\\"Documentation\\" src=\\"https://img.shields.io/badge/documentation-yes-brightgreen.svg\\" target=\\"_blank\\" />
  </a>
  <a href=\\"https://github.com/kefranabg/readme-md-generator/graphs/commit-activity\\">
    <img alt=\\"Maintenance\\" src=\\"https://img.shields.io/badge/Maintained%3F-yes-green.svg\\" target=\\"_blank\\" />
  </a>
  <a href=\\"https://github.com/kefranabg/readme-md-generator/blob/master/LICENSE\\">
    <img alt=\\"License: MIT\\" src=\\"https://img.shields.io/badge/License-MIT-yellow.svg\\" target=\\"_blank\\" />
  </a>
  <a href=\\"https://twitter.com/FranckAbgrall\\">
    <img alt=\\"Twitter: FranckAbgrall\\" src=\\"https://img.shields.io/twitter/follow/FranckAbgrall.svg?style=social\\" target=\\"_blank\\" />
  </a>
</p>

> Generates beautiful README files from git config &amp; package.json infos

### 🏠 [Homepage](https://github.com/kefranabg/readme-md-generator#readme)

## Prerequisites

- npm &gt;=5.5.0
- node &gt;= 9.3.0

## Install

\`\`\`sh
npm install
\`\`\`

## Usage

\`\`\`sh
npm start
\`\`\`

## Run tests

\`\`\`sh
npm run test
\`\`\`

## Author

👤 **Franck Abgrall**

* Twitter: [@FranckAbgrall](https://twitter.com/FranckAbgrall)
* Github: [@kefranabg](https://github.com/kefranabg)

## 🤝 Contributing

Contributions, issues and feature requests are welcome!<br />Feel free to check [issues page](https://github.com/kefranabg/readme-md-generator/issues).

## Show your support

Give a ⭐️ if this project helped you!

## 📝 License

Copyright © 2019 [Franck Abgrall](https://github.com/kefranabg).<br />
This project is [MIT](https://github.com/kefranabg/readme-md-generator/blob/master/LICENSE) licensed.

***
_This README was generated with ❤️ by [readme-md-generator](https://github.com/kefranabg/readme-md-generator)_"
`;
